Microchip MPLAB XC8 Compiler V1.30 ()

Linker command line:

--edf=C:\Program Files (x86)\Microchip\xc8\v1.30\dat\en_msgs.txt -cs \
  -h+dist/default/production\FT800_PIC.X.production.sym \
  --cmf=dist/default/production\FT800_PIC.X.production.cmf -z -Q16F886 \
  -oC:\Users\SACHI~1.MUR\AppData\Local\Temp\s9d4.6 \
  -Mdist/default/production/FT800_PIC.X.production.map -E1 -ver=XC8 \
  -ASTACK=0110h-016fh -pstack=STACK -ACONST=00h-0FFhx32 -ACODE=00h-07FFhx4 \
  -ASTRCODE=00h-01FFFh -AENTRY=00h-0FFhx32 -ASTRING=00h-0FFhx32 \
  -ACOMMON=070h-07Fh -ABANK0=020h-06Fh -ABANK1=0A0h-0EFh \
  -ABANK2=0110h-016Fh -ABANK3=0190h-01EFh \
  -ARAM=020h-06Fh,0A0h-0EFh,0110h-016Fh,0190h-01EFh \
  -AABS1=020h-07Fh,0A0h-0EFh,0110h-016Fh,0190h-01EFh -ASFR0=00h-01Fh \
  -ASFR1=080h-09Fh -ASFR2=0100h-010Fh -ASFR3=0180h-018Fh \
  -preset_vec=00h,intentry,init,end_init -ppowerup=CODE -pcinit=CODE \
  -pfunctab=CODE -ACONFIG=02007h-02008h -pconfig=CONFIG -DCONFIG=2 \
  -AIDLOC=02000h-02003h -pidloc=IDLOC -DIDLOC=2 -AEEDATA=00h-0FFh/02100h \
  -peeprom_data=EEDATA -DEEDATA=2 -DCODE=2 -DSTRCODE=2 -DSTRING=2 -DCONST=2 \
  -DENTRY=2 -k C:\Users\SACHI~1.MUR\AppData\Local\Temp\s9d4.obj \
  dist/default/production\FT800_PIC.X.production.obj 

Object code version is 3.11

Machine type is 16F886



                Name                               Link     Load   Length Selector   Space Scale
C:\Users\SACHI~1.MUR\AppData\Local\Temp\s9d4.obj
                end_init                              0        0        3        0       0
                config                             2007     2007        1     400E       0
dist/default/production\FT800_PIC.X.production.obj
                cinit                               7E8      7E8       18      FD0       0
                text9                                1C       1C       79       38       0
                text8                               F5B      F5B       52     1EB6       0
                text7                                95       95       95      12A       0
                text6                               ED3      ED3       1D     1DA6       0
                text5                               424      424      3C4      848       0
                text4                               EB7      EB7       1C     1D6E       0
                text3                               FAD      FAD       53     1F5A       0
                text2                               F0D      F0D       4E     1E1A       0
                text1                               12A      12A      2FA      254       0
                maintext                            EF0      EF0       1D     1DE0       0
                cstackBANK0                          36       36       14       20       1
                cstackCOMMON                         70       70        E       70       1
                inittext                            EA6      EA6       11     1D4C       0
                clrtext                             E9E      E9E        8     1D3C       0
                dataBANK0                            20       20       16       20       1
                bssBANK0                             5C       5C       10       20       1
                nvBANK0                              4A       4A       12       20       1
                idataBANK0                            6        6       16        C       0

TOTAL           Name                               Link     Load   Length     Space
        CLASS   STACK          

        CLASS   CONST          

        CLASS   CODE           
                end_init                              0        0        3         0
                cinit                               7E8      7E8       18         0
                text9                                1C       1C       79         0
                text8                               F5B      F5B       52         0
                text7                                95       95       95         0
                text6                               ED3      ED3       1D         0
                text5                               424      424      3C4         0
                text4                               EB7      EB7       1C         0
                text3                               FAD      FAD       53         0
                text2                               F0D      F0D       4E         0
                text1                               12A      12A      2FA         0
                maintext                            EF0      EF0       1D         0
                inittext                            EA6      EA6       11         0
                clrtext                             E9E      E9E        8         0
                idataBANK0                            6        6       16         0

        CLASS   STRCODE        

        CLASS   ENTRY          

        CLASS   STRING         

        CLASS   COMMON         
                cstackCOMMON                         70       70        E         1

        CLASS   BANK0          
                cstackBANK0                          36       36       14         1
                dataBANK0                            20       20       16         1
                bssBANK0                             5C       5C       10         1
                nvBANK0                              4A       4A       12         1

        CLASS   BANK1          

        CLASS   BANK2          

        CLASS   BANK3          

        CLASS   RAM            

        CLASS   ABS1           
                abs_s1                               7E       7E        2         1

        CLASS   SFR0           

        CLASS   SFR1           

        CLASS   SFR2           

        CLASS   SFR3           

        CLASS   CONFIG         
                config                             2007     2007        1         0

        CLASS   IDLOC          

        CLASS   EEDATA         



SEGMENTS        Name                           Load    Length   Top    Selector   Space  Class     Delta

                reset_vec                      000000  000003  000003         0       0  CODE        2
                idataBANK0                     000006  000016  00001C         C       0  CODE        2
                dataBANK0                      000020  00004C  00006C        20       1  BANK0       1
                text9                          00001C  000079  000095        38       0  CODE        2
                cstackCOMMON                   000070  00000E  00007E        70       1  COMMON      1
                text7                          000095  000095  00012A       12A       0  CODE        2
                text1                          00012A  0002FA  000424       254       0  CODE        2
                text5                          000424  0003C4  0007E8       848       0  CODE        2
                cinit                          0007E8  000018  000800       FD0       0  CODE        2
                clrtext                        000E9E  000008  000EA6      1D3C       0  CODE        2
                inittext                       000EA6  000011  000EB7      1D4C       0  CODE        2
                text4                          000EB7  00001C  000ED3      1D6E       0  CODE        2
                text6                          000ED3  00001D  000EF0      1DA6       0  CODE        2
                maintext                       000EF0  00001D  000F0D      1DE0       0  CODE        2
                text2                          000F0D  00004E  000F5B      1E1A       0  CODE        2
                text8                          000F5B  000052  000FAD      1EB6       0  CODE        2
                text3                          000FAD  000053  001000      1F5A       0  CODE        2
                config                         002007  000001  002008      400E       0  CONFIG      2


UNUSED ADDRESS RANGES

        Name                Unused          Largest block    Delta
        BANK0            006C-006F              4           1
        BANK1            00A0-00EF             50           1
        BANK2            0110-016F             60           1
        BANK3            0190-01EF             60           1
        CODE             0003-0005              3           2
                         0800-0E9D            69E
                         1000-1FFF            800
        CONFIG           2008-2008              1           2
        CONST            0003-0005              3           2
                         0800-0E9D            100
                         1000-1FFF            100
        EEDATA           2100-21FF            100           2
        ENTRY            0003-0005              3           2
                         0800-0E9D            100
                         1000-1FFF            100
        IDLOC            2000-2003              4           2
        RAM              006C-006F              4           1
                         00A0-00EF             50
                         0110-016F             60
                         0190-01EF             60
        SFR0             0000-001F             20           1
        SFR1             0080-009F             20           1
        SFR2             0100-010F             10           1
        SFR3             0180-018F             10           1
        STACK            0110-016F             60           1
        STRCODE          0003-0005              3           2
                         0800-0E9D            69E
                         1000-1FFF           1000
        STRING           0003-0005              3           2
                         0800-0E9D            100
                         1000-1FFF            100

                                  Symbol Table

?_incCMDOffset             cstackCOMMON 0070
_ANSEL                     (abs)        0188
_OSCCONbits                (abs)        008F
_RC6                       (abs)        003E
_RC7                       (abs)        003F
_SSPBUF                    (abs)        0013
_SSPCON                    (abs)        0014
_SSPEN                     (abs)        00A5
_SSPSTAT                   (abs)        0094
_SSPSTATbits               (abs)        0094
_TRISC3                    (abs)        043B
_TRISC4                    (abs)        043C
_TRISC5                    (abs)        043D
_TRISC6                    (abs)        043E
_TRISC7                    (abs)        043F
__CFG_BOREN$ON             (abs)        0000
__CFG_CP$OFF               (abs)        0000
__CFG_CPD$OFF              (abs)        0000
__CFG_FCMEN$ON             (abs)        0000
__CFG_IESO$OFF             (abs)        0000
__CFG_MCLRE$ON             (abs)        0000
__CFG_PWRTE$OFF            (abs)        0000
__CFG_WDTE$OFF             (abs)        0000
__Habs1                    abs1         0000
__Hbank0                   bank0        0000
__Hbank1                   bank1        0000
__Hbank2                   bank2        0000
__Hbank3                   bank3        0000
__HbssBANK0                bssBANK0     0000
__Hcinit                   cinit        0800
__Hclrtext                 clrtext      0000
__Hcode                    code         0000
__Hcommon                  common       0000
__Hconfig                  config       2008
__HcstackBANK0             cstackBANK0  0000
__HcstackCOMMON            cstackCOMMON 0000
__HdataBANK0               dataBANK0    0000
__Heeprom_data             eeprom_data  0000
__Hend_init                end_init     0003
__Hfunctab                 functab      0000
__HidataBANK0              idataBANK0   0000
__Hidloc                   idloc        0000
__Hinit                    init         0000
__Hinittext                inittext     0000
__Hintentry                intentry     0000
__Hmaintext                maintext     0000
__HnvBANK0                 nvBANK0      0000
__Hpowerup                 powerup      0000
__Hram                     ram          0000
__Hreset_vec               reset_vec    0000
__Hsfr0                    sfr0         0000
__Hsfr1                    sfr1         0000
__Hsfr2                    sfr2         0000
__Hsfr3                    sfr3         0000
__Hstack                   stack        0000
__Hstrings                 strings      0000
__Htext                    text         0000
__Labs1                    abs1         0000
__Lbank0                   bank0        0000
__Lbank1                   bank1        0000
__Lbank2                   bank2        0000
__Lbank3                   bank3        0000
__LbssBANK0                bssBANK0     0000
__Lcinit                   cinit        07E8
__Lclrtext                 clrtext      0000
__Lcode                    code         0000
__Lcommon                  common       0000
__Lconfig                  config       2007
__LcstackBANK0             cstackBANK0  0000
__LcstackCOMMON            cstackCOMMON 0000
__LdataBANK0               dataBANK0    0000
__Leeprom_data             eeprom_data  0000
__Lend_init                end_init     0000
__Lfunctab                 functab      0000
__LidataBANK0              idataBANK0   0000
__Lidloc                   idloc        0000
__Linit                    init         0000
__Linittext                inittext     0000
__Lintentry                intentry     0000
__Lmaintext                maintext     0000
__LnvBANK0                 nvBANK0      0000
__Lpowerup                 powerup      0000
__Lram                     ram          0000
__Lreset_vec               reset_vec    0000
__Lsfr0                    sfr0         0000
__Lsfr1                    sfr1         0000
__Lsfr2                    sfr2         0000
__Lsfr3                    sfr3         0000
__Lstack                   stack        0000
__Lstrings                 strings      0000
__Ltext                    text         0000
__S0                       (abs)        2008
__S1                       (abs)        007E
__S2                       (abs)        0000
__S3                       (abs)        0000
___int_sp                  stack        0000
___latbits                 (abs)        0002
___sp                      stack        0000
__end_of__initialization   cinit        07FC
__end_of_ft800cmdWrite     text4        0ED3
__end_of_ft800memRead16    text9        0095
__end_of_ft800memRead8     text3        1000
__end_of_ft800memWrite16   text8        0FAD
__end_of_ft800memWrite32   text7        012A
__end_of_ft800memWrite8    text2        0F5B
__end_of_incCMDOffset      text6        0EF0
__end_of_loop              text5        07E8
__end_of_main              maintext     0F0D
__end_of_setup             text1        0424
__initialization           cinit        07E8
__pbssBANK0                bssBANK0     005C
__pcstackBANK0             cstackBANK0  0036
__pcstackCOMMON            cstackCOMMON 0070
__pdataBANK0               dataBANK0    0020
__pidataBANK0              idataBANK0   0006
__pmaintext                maintext     0EF0
__pnvBANK0                 nvBANK0      004A
__ptext1                   text1        012A
__ptext2                   text2        0F0D
__ptext3                   text3        0FAD
__ptext4                   text4        0EB7
__ptext5                   text5        0424
__ptext6                   text6        0ED3
__ptext7                   text7        0095
__ptext8                   text8        0F5B
__ptext9                   text9        001C
__size_of_ft800cmdWrite    (abs)        0000
__size_of_ft800memRead16   (abs)        0000
__size_of_ft800memRead8    (abs)        0000
__size_of_ft800memWrite16  (abs)        0000
__size_of_ft800memWrite32  (abs)        0000
__size_of_ft800memWrite8   (abs)        0000
__size_of_incCMDOffset     (abs)        0000
__size_of_loop             (abs)        0000
__size_of_main             (abs)        0000
__size_of_setup            (abs)        0000
_cmdBufferRd               bssBANK0     0060
_cmdBufferWr               bssBANK0     0062
_cmdOffset                 bssBANK0     0064
_color                     bssBANK0     005C
_ft800Gpio                 bssBANK0     006A
_ft800cmdWrite             text4        0EB7
_ft800memRead16            text9        001C
_ft800memRead8             text3        0FAD
_ft800memWrite16           text8        0F5B
_ft800memWrite32           text7        0095
_ft800memWrite8            text2        0F0D
_incCMDOffset              text6        0ED3
_lcdHcycle                 nvBANK0      004A
_lcdHeight                 nvBANK0      004C
_lcdHoffset                nvBANK0      004E
_lcdHsync0                 bssBANK0     0066
_lcdHsync1                 nvBANK0      0050
_lcdPclk                   nvBANK0      005A
_lcdPclkpol                nvBANK0      005B
_lcdSwizzle                bssBANK0     006B
_lcdVcycle                 nvBANK0      0052
_lcdVoffset                nvBANK0      0054
_lcdVsync0                 bssBANK0     0068
_lcdVsync1                 nvBANK0      0056
_lcdWidth                  nvBANK0      0058
_loop                      text5        0424
_main                      maintext     0EF0
_point_size                dataBANK0    0034
_point_x                   dataBANK0    0020
_point_x2                  dataBANK0    0024
_point_y                   dataBANK0    0028
_ramCommandBuffer          dataBANK0    002C
_ramDisplayList            dataBANK0    0030
_setup                     text1        012A
btemp                      (abs)        007E
clear_ram0                 clrtext      0E9E
end_of_initialization      cinit        07FC
ft800cmdWrite@ftCommand    cstackCOMMON 0070
ft800memRead16@ftAddress   cstackCOMMON 0070
ft800memRead16@ftData16    cstackCOMMON 007C
ft800memRead16@tempData    cstackCOMMON 0078
ft800memRead8@ftAddress    cstackCOMMON 0070
ft800memRead8@ftData8      cstackCOMMON 0078
ft800memWrite16@ftAddress  cstackCOMMON 0070
ft800memWrite16@ftData16   cstackCOMMON 0074
ft800memWrite32@ftAddress  cstackCOMMON 0070
ft800memWrite32@ftData32   cstackCOMMON 0074
ft800memWrite8@ftAddress   cstackCOMMON 0070
ft800memWrite8@ftData8     cstackCOMMON 0074
incCMDOffset@commandSize   cstackCOMMON 0072
incCMDOffset@currentOffset cstackCOMMON 0070
incCMDOffset@newOffset     cstackCOMMON 0073
init_fetch0                inittext     0EA6
init_ram0                  inittext     0EAA
intlevel0                  functab      0000
intlevel1                  functab      0000
intlevel2                  functab      0000
intlevel3                  functab      0000
intlevel4                  functab      0000
intlevel5                  functab      0000
loop@ftRead                cstackBANK0  0046
ltemp                      (abs)        007E
ltemp0                     (abs)        007E
ltemp1                     (abs)        0082
ltemp2                     (abs)        0086
ltemp3                     (abs)        0080
reset_vec                  reset_vec    0000
setup@duty                 cstackBANK0  0036
stackhi                    (abs)        0000
stacklo                    (abs)        0000
start                      init         0000
start_initialization       cinit        07E8
ttemp                      (abs)        007E
ttemp0                     (abs)        007E
ttemp1                     (abs)        0081
ttemp2                     (abs)        0084
ttemp3                     (abs)        0087
ttemp4                     (abs)        007F
wtemp                      (abs)        007E
wtemp0                     (abs)        007E
wtemp1                     (abs)        0080
wtemp2                     (abs)        0082
wtemp3                     (abs)        0084
wtemp4                     (abs)        0086
wtemp5                     (abs)        0088
wtemp6                     (abs)        007F


FUNCTION INFORMATION:

 *************** function _main *****************
 Defined at:
		line 555 in file "main.c"
 Parameters:    Size  Location     Type
		None
 Auto vars:     Size  Location     Type
		None
 Return value:  Size  Location     Type
		None               void
 Registers used:
		wreg, status,2, status,0, pclath, cstack
 Tracked objects:
		On entry : 
		On exit  : 
		Unchanged: 
 Data sizes:     COMMON   BANK0   BANK1   BANK3   BANK2
      Params:         0       0       0       0       0
      Locals:         0       0       0       0       0
      Temps:          0       0       0       0       0
      Totals:         0       0       0       0       0
Total ram usage:        0 bytes
 Hardware stack levels required when called:    2
 This function calls:
		_loop
		_setup
 This function is called by:
		Startup code after reset
 This function uses a non-reentrant model


 *************** function _setup *****************
 Defined at:
		line 321 in file "main.c"
 Parameters:    Size  Location     Type
		None
 Auto vars:     Size  Location     Type
  duty            1    0[BANK0 ] unsigned char 
 Return value:  Size  Location     Type
		None               void
 Registers used:
		wreg, status,2, status,0, pclath, cstack
 Tracked objects:
		On entry : 
		On exit  : 
		Unchanged: 
 Data sizes:     COMMON   BANK0   BANK1   BANK3   BANK2
      Params:         0       0       0       0       0
      Locals:         0       1       0       0       0
      Temps:          2       0       0       0       0
      Totals:         2       1       0       0       0
Total ram usage:        3 bytes
 Hardware stack levels used:    1
 Hardware stack levels required when called:    1
 This function calls:
		_ft800cmdWrite
		_ft800memRead8
		_ft800memWrite16
		_ft800memWrite32
		_ft800memWrite8
 This function is called by:
		_main
 This function uses a non-reentrant model


 *************** function _ft800memWrite8 *****************
 Defined at:
		line 112 in file "main.c"
 Parameters:    Size  Location     Type
  ftAddress       4    0[COMMON] unsigned long 
  ftData8         1    4[COMMON] unsigned char 
 Auto vars:     Size  Location     Type
		None
 Return value:  Size  Location     Type
		None               void
 Registers used:
		wreg, status,2, status,0
 Tracked objects:
		On entry : 
		On exit  : 
		Unchanged: 
 Data sizes:     COMMON   BANK0   BANK1   BANK3   BANK2
      Params:         5       0       0       0       0
      Locals:         0       0       0       0       0
      Temps:          4       0       0       0       0
      Totals:         9       0       0       0       0
Total ram usage:        9 bytes
 Hardware stack levels used:    1
 This function calls:
		Nothing
 This function is called by:
		_setup
 This function uses a non-reentrant model


 *************** function _ft800memRead8 *****************
 Defined at:
		line 176 in file "main.c"
 Parameters:    Size  Location     Type
  ftAddress       4    0[COMMON] unsigned long 
 Auto vars:     Size  Location     Type
  ftData8         1    8[COMMON] unsigned char 
 Return value:  Size  Location     Type
                  1    wreg      unsigned char 
 Registers used:
		wreg, status,2, status,0
 Tracked objects:
		On entry : 
		On exit  : 
		Unchanged: 
 Data sizes:     COMMON   BANK0   BANK1   BANK3   BANK2
      Params:         4       0       0       0       0
      Locals:         1       0       0       0       0
      Temps:          4       0       0       0       0
      Totals:         9       0       0       0       0
Total ram usage:        9 bytes
 Hardware stack levels used:    1
 This function calls:
		Nothing
 This function is called by:
		_setup
 This function uses a non-reentrant model


 *************** function _ft800cmdWrite *****************
 Defined at:
		line 305 in file "main.c"
 Parameters:    Size  Location     Type
  ftCommand       1    wreg     unsigned char 
 Auto vars:     Size  Location     Type
  ftCommand       1    0[COMMON] unsigned char 
 Return value:  Size  Location     Type
		None               void
 Registers used:
		wreg, status,2
 Tracked objects:
		On entry : 
		On exit  : 
		Unchanged: 
 Data sizes:     COMMON   BANK0   BANK1   BANK3   BANK2
      Params:         0       0       0       0       0
      Locals:         1       0       0       0       0
      Temps:          0       0       0       0       0
      Totals:         1       0       0       0       0
Total ram usage:        1 bytes
 Hardware stack levels used:    1
 This function calls:
		Nothing
 This function is called by:
		_setup
 This function uses a non-reentrant model


 *************** function _loop *****************
 Defined at:
		line 472 in file "main.c"
 Parameters:    Size  Location     Type
		None
 Auto vars:     Size  Location     Type
  ftRead          4   16[BANK0 ] unsigned long 
 Return value:  Size  Location     Type
		None               void
 Registers used:
		wreg, status,2, status,0, pclath, cstack
 Tracked objects:
		On entry : 
		On exit  : 
		Unchanged: 
 Data sizes:     COMMON   BANK0   BANK1   BANK3   BANK2
      Params:         0       0       0       0       0
      Locals:         0       4       0       0       0
      Temps:          0      16       0       0       0
      Totals:         0      20       0       0       0
Total ram usage:       20 bytes
 Hardware stack levels used:    1
 Hardware stack levels required when called:    1
 This function calls:
		_ft800memRead16
		_ft800memWrite16
		_ft800memWrite32
		_incCMDOffset
 This function is called by:
		_main
 This function uses a non-reentrant model


 *************** function _incCMDOffset *****************
 Defined at:
		line 285 in file "main.c"
 Parameters:    Size  Location     Type
  currentOffse    2    0[COMMON] unsigned int 
  commandSize     1    2[COMMON] unsigned char 
 Auto vars:     Size  Location     Type
  newOffset       2    3[COMMON] unsigned int 
 Return value:  Size  Location     Type
                  2    0[COMMON] unsigned int 
 Registers used:
		wreg, status,2, status,0
 Tracked objects:
		On entry : 
		On exit  : 
		Unchanged: 
 Data sizes:     COMMON   BANK0   BANK1   BANK3   BANK2
      Params:         3       0       0       0       0
      Locals:         2       0       0       0       0
      Temps:          0       0       0       0       0
      Totals:         5       0       0       0       0
Total ram usage:        5 bytes
 Hardware stack levels used:    1
 This function calls:
		Nothing
 This function is called by:
		_loop
 This function uses a non-reentrant model


 *************** function _ft800memWrite32 *****************
 Defined at:
		line 146 in file "main.c"
 Parameters:    Size  Location     Type
  ftAddress       4    0[COMMON] unsigned long 
  ftData32        4    4[COMMON] unsigned long 
 Auto vars:     Size  Location     Type
		None
 Return value:  Size  Location     Type
		None               void
 Registers used:
		wreg, status,2, status,0
 Tracked objects:
		On entry : 
		On exit  : 
		Unchanged: 
 Data sizes:     COMMON   BANK0   BANK1   BANK3   BANK2
      Params:         8       0       0       0       0
      Locals:         0       0       0       0       0
      Temps:          4       0       0       0       0
      Totals:        12       0       0       0       0
Total ram usage:       12 bytes
 Hardware stack levels used:    1
 This function calls:
		Nothing
 This function is called by:
		_setup
		_loop
 This function uses a non-reentrant model


 *************** function _ft800memWrite16 *****************
 Defined at:
		line 128 in file "main.c"
 Parameters:    Size  Location     Type
  ftAddress       4    0[COMMON] unsigned long 
  ftData16        2    4[COMMON] unsigned int 
 Auto vars:     Size  Location     Type
		None
 Return value:  Size  Location     Type
		None               void
 Registers used:
		wreg, status,2, status,0
 Tracked objects:
		On entry : 
		On exit  : 
		Unchanged: 
 Data sizes:     COMMON   BANK0   BANK1   BANK3   BANK2
      Params:         6       0       0       0       0
      Locals:         0       0       0       0       0
      Temps:          4       0       0       0       0
      Totals:        10       0       0       0       0
Total ram usage:       10 bytes
 Hardware stack levels used:    1
 This function calls:
		Nothing
 This function is called by:
		_setup
		_loop
 This function uses a non-reentrant model


 *************** function _ft800memRead16 *****************
 Defined at:
		line 197 in file "main.c"
 Parameters:    Size  Location     Type
  ftAddress       4    0[COMMON] unsigned long 
 Auto vars:     Size  Location     Type
  tempData        4    8[COMMON] unsigned int [2]
  ftData16        2   12[COMMON] unsigned int 
 Return value:  Size  Location     Type
                  1    wreg      unsigned char 
 Registers used:
		wreg, status,2, status,0
 Tracked objects:
		On entry : 
		On exit  : 
		Unchanged: 
 Data sizes:     COMMON   BANK0   BANK1   BANK3   BANK2
      Params:         4       0       0       0       0
      Locals:         6       0       0       0       0
      Temps:          4       0       0       0       0
      Totals:        14       0       0       0       0
Total ram usage:       14 bytes
 Hardware stack levels used:    1
 This function calls:
		Nothing
 This function is called by:
		_loop
 This function uses a non-reentrant model



MODULE INFORMATION

Module		Function		Class		Link	Load	Size
shared
		__initializatio		CODE           	07E8	0000	20

shared estimated size: 20

main.c
		_loop          		CODE           	0424	0000	964
		_main          		CODE           	0EF0	0000	29
		_ft800memRead8 		CODE           	0FAD	0000	83
		_ft800memRead16		CODE           	001C	0000	121
		_ft800cmdWrite 		CODE           	0EB7	0000	28
		_incCMDOffset  		CODE           	0ED3	0000	29
		_ft800memWrite8		CODE           	0F0D	0000	78
		_ft800memWrite3		CODE           	0095	0000	149
		_ft800memWrite1		CODE           	0F5B	0000	82
		_setup         		CODE           	012A	0000	762

main.c estimated size: 2325

